cumana_2:term:1-8i:1, 1, 1, 1, 1, 1, 1, 1:SCSI bus termination
eesox:term:1-8i:1, 1, 1, 1, 1, 1, 1, 1:SCSI bus termination
powertec:term:1-8i:1, 1, 1, 1, 1, 1, 1, 1:SCSI bus termination
amiflop:fd_def_df0:l:0xffffffff:
ataflop:UserSteprate:?:-1, -1:
ataflop:UseTrackbuffer:i:-1:
cpqarray:eisa:1-8i:0, 0 ,0 ,0, 0, 0 ,0 ,0:
floppy:FLOPPY_DMA:i:2:
floppy:floppy:s:0:
floppy:FLOPPY_IRQ:i:6:
ide-cd:ignore:s:0:
ide:options:s:0:
pcd:verbose:i:0:
pcd:nice:i:0:
pcd:major:i:46:
pcd:drive0:1-6i:0,0,0,-1,-1,-1:
pcd:drive1:1-6i:0,0,0,-1,-1,-1:
pcd:drive2:1-6i:0,0,0,-1,-1,-1:
pcd:drive3:1-6i:0,0,0,-1,-1,-1:
pcd:name:s:"pcd":
pd:cluster:i:64:
pd:major:i:45:
pd:drive0:1-8i:0,0,0,-1,0,1,-1,-1:
pd:drive1:1-8i:0,0,0,-1,0,1,-1,-1:
pd:drive2:1-8i:0,0,0,-1,0,1,-1,-1:
pd:drive3:1-8i:0,0,0,-1,0,1,-1,-1:
pd:name:s:"pd":
pd:verbose:i:0:
pd:nice:i:0:
pf:cluster:i:64:
pf:major:i:47:
pf:drive0:1-7i:0,0,0,-1,-1,-1,-1:
pf:drive1:1-7i:0,0,0,-1,-1,-1,-1:
pf:drive2:1-7i:0,0,0,-1,-1,-1,-1:
pf:drive3:1-7i:0,0,0,-1,-1,-1,-1:
pf:name:s:"pf":
pf:verbose:i:0:
pf:nice:i:0:
pg:major:i:97:
pg:drive0:1-6i:0,0,0,-1,-1,-1:
pg:drive1:1-6i:0,0,0,-1,-1,-1:
pg:drive2:1-6i:0,0,0,-1,-1,-1:
pg:drive3:1-6i:0,0,0,-1,-1,-1:
pg:name:s:"pg":
pg:verbose:i:0:
pt:major:i:96:
pt:drive0:1-6i:0,0,0,-1,-1,-1:
pt:drive1:1-6i:0,0,0,-1,-1,-1:
pt:drive2:1-6i:0,0,0,-1,-1,-1:
pt:drive3:1-6i:0,0,0,-1,-1,-1:
pt:name:s:"pt":
pt:verbose:i:0:
ps2esdi:track:i::
ps2esdi:head:i:-1, -1:
ps2esdi:cyl:i:-1,-1:
ps2esdi:tp720esdi:i:0:
rd:rd_size:1i:CONFIG_BLK_DEV_RAM_SIZE:Size of each RAM disk.
xd:xd_geo:3-6i::
xd:nodma:i:0:
xd:xd:1-4i:-1,-1,-1,-1,:
aztcd:azt_port:i:-1:
cdrom:check_media_type:i:0:
cdrom:lockdoor:i:1:
cdrom:autoclose:i:1:
cdrom:autoeject:i:0:
cdrom:debug:i:0:
cdu31a:cdu31a_irq:i:0:
cdu31a:cdu31a_port:i:0:
cm206:cm206_irq:i:11:
cm206:cm206_base:i:0x340:
cm206:auto_probe:i:1:
cm206:cm206:1-2i:0,0:
gscd:gscd:h::
isp16:isp16_cdrom_base:i:0x340:
isp16:isp16_cdrom_irq:i:0:
isp16:isp16_cdrom_dma:i:0:
isp16:isp16_cdrom_type:s:"Sanyo":
mcd:mcd:1-2i::
mcdx:mcdx:1-4i::
optcd:optcd_port:h:0x340:
sbpcd:sbpcd:2i:0x634 , 0:
sjcd:sjcd_base:i:0x340:
sonycd535:sony535_cd_base_io:i:0x340:
atarimouse:mouse_threshold:2i:2,2:
bttv:card:1-4i::
bttv:vidmem:i:0:
bttv:triton1:i:0:
bttv:remap:1-4i::
bttv:radio:1-4i::
bttv:pll:1-4i:0, 0, 0, 0:
busmouse:mouse_irq:i:5:
buz:triton:i:0:
buz:vidmem:i:0:
buz:natoma:i:0:
buz:default_norm:i:0:
buz:v4l_bufsize:i:128:
buz:v4l_nbufs:i:2:
buz:default_input:i:0:
bw-qcam:maxpoll:i:250:
bw-qcam:yieldlines:i:4:
bw-qcam:parport:?:0,:
c-qcam:detect:s:0,:
c-qcam:parport:?:0,:
cpia_pp:parport:?:0,:'auto' or a list of parallel port numbers. Just like lp.
cyclades:irq:?:0,:
cyclades:maddr:?:0,:
esp:dma:i:0:
esp:divisor:1-8i:0,0,0,0,0,0,0,0:
esp:flow_off:i:1016:
esp:rx_trigger:i:768:
esp:rx_timeout:i:128:
esp:flow_on:i:944:
esp:pio_threshold:i:32:
esp:irq:1-8i:0,0,0,0,0,0,0,0:
esp:tx_trigger:i:768:
main:dma:i:1:dma number (>=4 for SB16/32/64/etc, <=3 for the rest)
main:scale_tvusec:i::
main:scale_rdtsc:i::
main:midiio:i:0:address of midi (MPU401) port to output PTT
main:irq:i:7:interrupt number
main:iobase:i:0x220:io base address
main:pario:i:0:address of parallel port to output PTT
main:serio:i:0:address of serial port to output PTT
main:hw:i:0:hardware type: 0=SBC, 1=WSS
main:rdtsc_ok:i::
i2c-old:scan:i:0:
i2c-old:verbose:i:0:
i2c-old:i2c_debug:i:0:
ip2:io:?:0,:I/O ports for IntelliPort Cards
ip2:irq:?:0,:Interrupts for IntelliPort Cards
isicom:io:1-4i::I/O ports for the cards
isicom:irq:1-4i::Interrupts for the cards
istallion:board0:1-3s::Board 0 config -> name[,ioaddr[,memaddr]
istallion:board1:1-3s::Board 1 config -> name[,ioaddr[,memaddr]
istallion:board2:1-3s::Board 2 config -> name[,ioaddr[,memaddr]
istallion:board3:1-3s::Board 3 config -> name[,ioaddr[,memaddr]
joy-amiga:js_am:1-2i::
joy-analog:js_an:2-24i::
joy-assassin:js_as:2-24i::
joy-console:js_console:2-6i::
joy-console:js_console_2:2-6i::
joy-console:js_console_3:2-6i::
joy-db9:js_db9:2i::
joy-db9:js_db9_2:2i::
joy-db9:js_db9_3:2i::
joy-lightning:js_l4:2-24i::
joy-pci:js_pci:3-32i::
joy-turbografx:js_tg:2-8i::
joy-turbografx:js_tg_2:2-8i::
joy-turbografx:js_tg_3:2-8i::
lp:reset:i:0:
lp:parport:?:0,:
lp_intern:minor:i:-1:
moxa:ttymajor:i:172:
moxa:calloutmajor:i:173:
moxa:baseaddr:1-4i:0, 0, 0, 0:
moxa:verbose:i:0:
moxa:numports:1-4i:0, 0, 0, 0:
moxa:type:1-4i:0, 0, 0, 0:
msbusmouse:mouse_irq:i:5:
msp3400:debug:i:0:
mxser:ttymajor:i:174:
mxser:calloutmajor:i:175:
mxser:verbose:i:0:
mxser:ioaddr:1-4i:0, 0, 0, 0:
n_hdlc:maxframe:i:4096:
n_hdlc:debuglevel:i:0:
pcxx:memsize:1-4i:0, 0, 0, 0:
pcxx:altpin:1-4i:0, 0, 0, 0:
pcxx:membase:1-4i:0, 0, 0, 0:
pcxx:io:1-4i:0, 0, 0, 0:
pcxx:verbose:i:0:
pcxx:numports:1-4i:0, 0, 0, 0:
pcxx:debug:i:0:
planb:def_norm:i:VIDEO_MODE_PAL:Default startup norm (0=PAL, 1=NTSC, 2=SECAM)
pms:io_port:i:0x250:
pms:mem_base:i:0xC8000:
radio-aimslab:io:i:-1:I/O address of the RadioTrack card (0x20f or 0x30f)
radio-aztech:io:i:-1:I/O address of the Aztech card (0x350 or 0x358)
radio-cadet:io:i:0x330:I/O address of Cadet card (0x330,0x332,0x334,0x336,0x338,0x33a,0x33c,0x33e)
radio-gemtek:io:i:-1:I/O address of the GemTek card (0x20c, 0x30c, 0x24c or 0x34c (0x20c or 0x248 have been reported to work for the combined sound/radiocard)).
radio-rtrack2:io:i:-1:I/O address of the RadioTrack card (0x20c or 0x30c)
radio-sf16fmi:io:i:-1:I/O address of the SF16MI card (0x284 or 0x384)
radio-trust:io:i:-1:I/O address of the Trust FM Radio card (0x350 or 0x358)
radio-typhoon:mutefreq:i:0:Frequency used when muting the card (in kHz)
radio-typhoon:io:i:-1:I/O address of the Typhoon card (0x316 or 0x336)
radio-zoltrix:io:i:-1:I/O address of the Zoltrix Radio Plus (0x20c or 0x30c)
rio_linux:rio_poll:i:1:
rio_linux:rio_debug:i:0:
rio_linux:rio_irqmask:i:-1:
riscom8:iobase1:i:0:
riscom8:iobase2:i:0:
riscom8:iobase3:i:0:
riscom8:iobase:i:0:
rocket:support_low_speed:i:0:0 means support 50 baud, 1 means support 460400 baud
rocket:controller:i:0:I/O port for (ISA) rocketport controller
rocket:board1:i:0:I/O port for (ISA) board #1
rocket:board2:i:0:I/O port for (ISA) board #2
rocket:board3:i:0:I/O port for (ISA) board #3
rocket:board4:i:0:I/O port for (ISA) board #4
softdog:soft_margin:i:60:
specialix:irq:?:0,:
specialix:iobase:?:0,:
stallion:board0:1-4s::Board 0 config -> name[,ioaddr[,ioaddr2][,irq]]
stallion:board1:1-4s::Board 1 config -> name[,ioaddr[,ioaddr2][,irq]]
stallion:board2:1-4s::Board 2 config -> name[,ioaddr[,ioaddr2][,irq]]
stallion:board3:1-4s::Board 3 config -> name[,ioaddr[,ioaddr2][,irq]]
sx:si_probe_addrs:i::
sx:sx_maxints:i:100:
sx:sx_debug:i:0:
sx:sx_probe_addrs:i::
sx:sx_irqmask:i:-1:
sx:sx_slowpoll:i:0:
sx:sx_poll:i:1:
synclink:dma:?:0,:
synclink:ttymajor:i:0:
synclink:maxframe:?:0,:
synclink:break_on_load:i:0:
synclink:io:?:0,:
synclink:dosyncppp:?:0,:
synclink:irq:?:0,:
synclink:debug_level:i:0:
synclink:cuamajor:i:0:
toshiba:tosh_fn:i:0:
tuner:type:i:-1:
tuner:debug:i:0:
i2c-algo-bit:bit_scan:i:0:Scan for active chips on the bus
i2c-algo-bit:bit_test:i:0:Test the lines of the bus to see if it is stuck
i2c-algo-bit:i2c_debug:i:0:
i2c-algo-pcf:pcf_scan:i:0:Scan for active chips on the bus
i2c-algo-pcf:pcf_test:i:0:Test if the I2C bus is available
i2c-algo-pcf:i2c_debug:i:1:
i2c-core:i2c_debug:i:1:debug level
i2c-elektor:base:i:0:
i2c-elektor:own:i:0:
i2c-elektor:irq:i:0:
i2c-elektor:clock:i:0:
i2c-elv:base:i:0:
i2c-philips-par:base:i:0:
i2c-piix4:force_addr:i:0:
i2c-piix4:force:i:0:Forcibly enable the PIIX4. DANGEROUS!
i2c-velleman:base:i:0:
pcilynx:mem_mindma:h:2400:
module:act_irq:i:-1:IRQ of first card (-1 = grab next free IRQ)
module:act_bus:i:0:BusType of first card, 1=ISA, 2=MCA, 3=PCMCIA, currently only ISA
module:membase:::Base port address of first card
module:act_id:s:"\0\0\0\0\0\0\0\0\0\0\0\0\0\0\0\0":ID-String of first card
module:act_port:i:-1:
avm_cs:irq_list:1-10i:-1:
b1dma:suppress_pollack:0-1i:0:
c4:suppress_pollack:0-1i:0:
capi:capi_rawmajor:i:190:
capi:capi_major:i:68:
capi:capi_ttymajor:i:191:
capidrv:debugmode:i:0:
kcapi:showcapimsgs:0-4i:0:
eicon_mod:membase:i:-1:Base address of first ISA card
eicon_mod:irq:i:-1:IRQ of first card
eicon_mod:id:s:"\0\0\0\0\0\0\0\0\0\0\0\0\0\0\0\0":ID-String of first card
config:io0:1-8i::
config:io1:1-8i::
config:protocol:1-8i::
config:mem:1-8i::
config:io:1-8i::
config:irq:1-8i::
config:id:s::
config:type:1-8i::
module:mem:?:0,:
module:irq:?:0,:
init:do_reset:i:0:
init:io:1-4i:0,0,0,0:
init:irq:1-4i:0,0,0,0:
init:ram:1-4i:0,0,0,0:
parport_pc:dma:?:-1 }:
parport_pc:io:?:0 }:
parport_pc:irq:?::
3c501:io:i:0x280:
3c501:irq:i:5:
3c503:xcvr:?:0,:
3c503:io:?:0,:
3c503:irq:?:0,:
3c505:dma:?:0,:
3c505:io:?:0,:
3c505:irq:?:0,:
3c507:io:i:0x300:
3c507:irq:i:0:
3c509:xcvr:1-8i:-1, -1, -1, -1, -1, -1, -1, -1:
3c509:irq:1-8i:-1, -1, -1, -1, -1, -1, -1, -1:
3c509:debug:i:-1:
3c515:rx_copybreak:i::
3c515:full_duplex:?::
3c515:options:?:-1, -1, -1, -1, -1, -1, -1, -1,:
3c515:max_interrupt_work:i:20:
3c515:debug:i:-1:
3c523:io:?:0,:
3c523:irq:?:0,:
3c59x:compaq_irq:i::
3c59x:rx_copybreak:i::
3c59x:full_duplex:?:-1, -1, -1, -1, -1, -1, -1, -1:
3c59x:options:?:-1, -1, -1, -1, -1, -1, -1, -1,:
3c59x:compaq_device_id:i::
3c59x:compaq_ioaddr:i:0, compaq_irq = 0, compaq_device_id = 0x5900:
3c59x:max_interrupt_work:i:20:
3c59x:debug:i::
3c90x:flowcontrol:?:0x1,0x1,0x1,0x1,0x1,0x1,0x1,0x1:
3c90x:full_duplex:?:-1, -1, -1, -1, -1, -1, -1, -1:
3c90x:downpoll:?:0x8, 0x8, 0x8, 0x8, 0x8, 0x8, 0x8, 0x8:
3c90x:media_select:?:0,:
3c90x:switchdelay:?:0, 0, 0, 0, 0, 0, 0, 0:
3c90x:debug:i:0x80000000:
82596:irq:i:10:
82596:i596_debug:i:(0x0004|(x,y)	if (i596_debug & (x)) y_PROBE):
82596:debug:i:-1:
ac3200:mem:?:0,:
ac3200:io:?:0,:
ac3200:irq:?:0,:
acenic:rx_coal_tick:?:0,:
acenic:trace:?:0,:
acenic:max_tx_desc:?:0,:
acenic:max_rx_desc:?:0,:
acenic:tx_coal_tick:?:0,:
acenic:link:?:0,:
arc-rimi:device:s::
arc-rimi:irq:i:0:
arc-rimi:shmem:i:0x0:
arc-rimi:node:i:0:
arlan:mdebug:i:0:
arlan:registrationMode:i:-1:
arlan:numDevices:i:1:
arlan:arlan_entry_debug:i:0:
arlan:channelSet:i:0:
arlan:tx_delay_ms:i:0:
arlan:mem:i:0:
arlan:systemId:i:-1:
arlan:tx_queue_len:i:1:
arlan:async:i:1:
arlan:arlan_entry_and_exit_debug:i:0:
arlan:arlan_debug:i:0:
arlan:txScrambled:i:1:
arlan:channelNumber:i:0:
arlan:keyStart:i:0:
arlan:SID:i:-1:
arlan:retries:i:5:
arlan:irq:i:0:
arlan:arlan_exit_debug:i:0:
arlan:radioNodeId:i:-1:
arlan:arlan_EEPROM_bad:i:0:
arlan:spreadingCode:i:0:
arlan:probe:i:1:
arlan:testMemory:i:1:
at1700:io:i:0x260:
at1700:net_debug:i:1:
at1700:irq:i:0:
atari_bionet:bionet_debug:i:0:
atari_pamsnet:pamsnet_debug:i:0:
atarilance:lance_debug:i:1:
bagetlance:lance_debug:i:1:
c101:hw:s:0:
com20020:device:s::
com20020:io:i:0x0:
com20020:clock:i:0:
com20020:backplane:i:0:
com20020:timeout:i:3:
com20020:irq:i:0:
com20020:node:i:0:
com90io:device:s::
com90io:io:i:0x0:
com90io:irq:i:0:
com90xx:device:s::
com90xx:io:i:0x0:
com90xx:shmem:i:0:
com90xx:irq:i:0:
cops:io:i:0:
cops:board_type:i:2:
cops:irq:i:0:
cosa:io:?:0,:The I/O bases of the COSA or SRP cards
cosa:dma:?:0,:The DMA channels of the COSA or SRP cards
cosa:irq:?:-1, -1, -1, -1, -1, -1, 0,:The IRQ lines of the COSA or SRP cards
cs89x0:media:s::
cs89x0:io:i:0:
cs89x0:debug:i:0:
cs89x0:irq:i:0:
cs89x0:duplex:i:-1:
de4x5:dec_only:i:1:
de4x5:io:i:0x0:
de4x5:args:s:0:
de4x5:de4x5_debug:i:(0x0002      | 0x0001     ):
de600:de600_debug:i:0:
de600:delay_time:i:10:
de620:utp:i:0:
de620:io:i:0x378:
de620:bnc:i:0:
de620:irq:i:7:
de620:de620_debug:i:0:
de620:clone:i:0:
depca:io:i:0x200:
depca:irq:i:7:
dgrs:ipxnet:i:-1:
dgrs:ipaddr:1-4i:-1:
dgrs:spantree:i:-1:
dgrs:hashexpire:i:-1:
dgrs:nicmode:i:-1:
dgrs:debug:i:-1:
dgrs:dma:i:-1:
dgrs:iptrap:1-4i:-1:
dmfe:chkmode:i:1:
dmfe:cr6set:i:0:
dmfe:debug:i:0:
dmfe:mode:i:8:
e2100:mem:?:0,:
e2100:io:?:0,:
e2100:xcvr:?:0,:
e2100:irq:?:0,:
eepro:mem:?::
eepro:io:?::
eepro:irq:?:0 }:
eepro:autodetect:?::
eepro100:rx_copybreak:i:200:
eepro100:full_duplex:?:-1, -1, -1, -1, -1, -1, -1, -1:
eepro100:options:?:-1, -1, -1, -1, -1, -1, -1, -1:
eepro100:rxfifo:i:8:
eepro100:rxdmacount:i:0:
eepro100:debug:i:-1:
eepro100:txfifo:i:8:
eepro100:congenb:i:0:
eepro100:multicast_filter_limit:i:64:
eepro100:max_interrupt_work:i:20:
eepro100:txdmacount:i:128:
eexpress:io:?:0,:
eexpress:irq:?:0,:
epic100:rx_copybreak:i:200:
epic100:full_duplex:?:-1, -1, -1, -1, -1, -1, -1, -1:
epic100:options:?:-1, -1, -1, -1, -1, -1, -1, -1:
epic100:debug:i:1:
epic100:max_interrupt_work:i:32:
es3210:mem:?:0,:
es3210:io:?:0,:
es3210:irq:?:0,:
eth16i:debug:i:-1:eth16i debug level (0-4)
eth16i:mediatype:?:0,:eth16i interfaceport mediatype
eth16i:irq:?:0,:eth16i interrupt request number
eth16i:ioaddr:?:0,:eth16i io base address
ethertap:unit:i::
ewrk3:io:i:0x300:
ewrk3:irq:i:5:
fmv18x:io:i:0x220:
fmv18x:net_debug:i:1:
fmv18x:irq:i:0:
hamachi:min_tx_pkt:i:0x30:
hamachi:force32:i:0:
hamachi:full_duplex:?:-1, -1, -1, -1, -1, -1, -1, -1:
hamachi:options:?:-1, -1, -1, -1, -1, -1, -1, -1:
hamachi:rx_copybreak:i:0:
hamachi:max_rx_latency:i:0x11:
hamachi:tx_params:?:-1, -1, -1, -1, -1, -1, -1, -1:
hamachi:max_rx_gap:i:0x05:
hamachi:mtu:i:0:
hamachi:min_pci_latency:i:64:
hamachi:debug:i:1:
hamachi:rx_params:?:-1, -1, -1, -1, -1, -1, -1, -1:
hamachi:min_rx_pkt:i:0x18:
hamachi:max_tx_gap:i:0x00:
hamachi:max_tx_latency:i:0x00:
hamachi:max_interrupt_work:i:40:
baycom_epp:iobase:i:0x378,:baycom io base address
baycom_epp:mode:s::baycom operating mode; epp
baycom_par:iobase:?:0x378,:baycom io base address
baycom_par:mode:?::baycom operating mode; eg. par96 or picpar
baycom_ser_fdx:baud:?:1200 }:baycom baud rate (300 to 4800)
baycom_ser_fdx:iobase:?:0x3f8,:baycom io base address
baycom_ser_fdx:irq:?:4,:baycom irq number
baycom_ser_fdx:mode:?:"ser12*",:baycom operating mode; * for software DCD
baycom_ser_hdx:iobase:?:0x3f8,:baycom io base address
baycom_ser_hdx:irq:?:4,:baycom irq number
baycom_ser_hdx:mode:?:"ser12*",:baycom operating mode; * for software DCD
dmascc:io:?:dev->base_addr:
mkiss:ax25_maxdev:i:16:number of MKISS devices
sm:iobase:i:-1:soundmodem base address
sm:dma:i:-1:soundmodem dma channel
sm:dma2:i:-1:soundmodem 2nd dma channel; full duplex only
sm:midiio:i:0:soundmodem PTT output on midi port
sm:irq:i:-1:soundmodem interrupt
sm:pario:i:0:soundmodem PTT output on parallel port
sm:serio:i:0:soundmodem PTT output on serial port
sm:mode:s:0:soundmodem operating mode; eg. sbc:afsk1200 or wss:fsk9600
hostess_sv11:io:i:0x200:The I/O base of the Comtrol Hostess SV11 card
hostess_sv11:dma:i::Set this to 1 to use DMA1/DMA3 for TX/RX
hostess_sv11:irq:i:9:The interrupt line setting for the Comtrol Hostess SV11 card
hp-plus:io:?:0,:
hp-plus:irq:?:0,:
hp:io:?:0,:
hp:irq:?:0,:
hp100:hp100_name:?:"", "", "", "", "":
hp100:hp100_port:1-5i:0, -1, -1, -1, -1:
ibmtr:mem:?:0,0:
ibmtr:io:?:0xa20,0xa24:
ibmtr:irq:?:0,0:
ipddp:ipddp_mode:i:2:
irport:io:1-4i:~0, ~0, ~0, ~0:
irport:irq:1-4i:0, 0, 0, 0:
irtty:qos_mtt_bits:i:0x03:
nsc-ircc:io:1-4i:~0, ~0, ~0, ~0:
nsc-ircc:dongle_id:i:0:
nsc-ircc:dma:1-4i:0, 0, 0, 0, 0:
nsc-ircc:qos_mtt_bits:i:0x07:
nsc-ircc:irq:1-4i:0, 0, 0, 0, 0:
nsc_fir:io:1-4i:0x2f8, 0x2f8, 0x2f8, 0x2f8, 0x2f8:
nsc_fir:dongle_id:i:0:
nsc_fir:io2:1-4i:0x150, 0x398, 0xea, 0x15c, 0x2e:
nsc_fir:qos_mtt_bits:i:0x07:
nsc_fir:irq:1-4i:3, 3, 3, 3, 3:
smc-ircc:ircc_dma:1i:255:
smc-ircc:ircc_irq:1i:255:
toshoboe:max_baud:i:4000000:
w83977af_ir:io:1-4i:0x180, ~0, ~0, ~0:
w83977af_ir:io2:1-4i::
w83977af_ir:qos_mtt_bits:i:0x07:
w83977af_ir:irq:1-4i:11, 0, 0, 0:
lance:io:?:0,:
lance:dma:?:dmas[i]:
lance:irq:?:0,:
lanstreamer:pkt_buf_sz:?:0,:
lanstreamer:ringspeed:?:0,:
lne390:mem:?:0,:
lne390:io:?:0,:
lne390:irq:?:0,:
ltpc:io:i:0:
ltpc:debug:i:0:
ltpc:dma:i:0:
ltpc:irq:i:0:
n2:hw:s:0:
ncr885e:debug:i:1:
ne:probe_pci:i:1:
ne:io:?:0,:
ne:bad:?:0,:
ne:irq:?:0,:
ne2:io:?:0,:
ne2:bad:?:0,:
ne2:irq:?:0,:
ne3210:mem:?:0,:
ne3210:io:?:0,:
ne3210:irq:?:0,:
ni5010:io:i:0:
ni5010:irq:i:0:
ni52:io:i:0x300:
ni52:irq:i:9:
ni52:memend:l:0:
ni52:memstart:l:0:
ni65:io:i:0:
ni65:dma:i:0:
ni65:irq:i:0:
old_tulip:full_duplex:?:0,:
old_tulip:options:?:0,:
old_tulip:rx_copybreak:i:100:
old_tulip:debug:i:-1:
old_tulip:reverse_probe:i:0:
old_tulip:max_interrupt_work:i:25:
olympic:message_level:?:0,:
olympic:pkt_buf_sz:?:0,:
olympic:ringspeed:?:0,:
pcnet32:full_duplex:?:0,:
pcnet32:options:?:0,:
pcnet32:rx_copybreak:i::
pcnet32:tx_start_pt:i:-1:
pcnet32:debug:i:-1:
pcnet32:max_interrupt_work:i::
plip:parport:?:-1 }:
plip:timid:1i:0:
ppp:flag_time:i:0:
rl100a:full_duplex:?:-1, -1, -1, -1, -1, -1, -1, -1:
rl100a:options:?:-1, -1, -1, -1, -1, -1, -1, -1:
rl100a:rx_copybreak:i:0:
rl100a:min_pci_latency:i:32:
rl100a:debug:i:1:
rl100a:multicast_filter_limit:i:32:
rl100a:max_interrupt_work:i:20:
rtl8139:full_duplex:?:-1, -1, -1, -1, -1, -1, -1, -1:
rtl8139:options:?:-1, -1, -1, -1, -1, -1, -1, -1:
rtl8139:debug:i::
rtl8139:max_interrupt_work:i:20:
rtl8139:multicast_filter_limit:i:32:
sb1000:io:1-2i:0, 0:
sb1000:irq:i:0:
sbni:baud:?:0:
sbni:io:?:0:
sbni:mac:?:0:
sbni:irq:?:0:
sbni:rxl:?:-1, -1, -1, -1, -1, -1, -1, -1:
sealevel:io:i:0x238:The I/O base of the Sealevel card
sealevel:rxdma:i:3:Receive DMA channel
sealevel:slow:i:0:Set this for an older Sealevel card such as the 4012
sealevel:irq:i:5:The interrupt line setting for the SeaLevel card
sealevel:txdma:i:1:Transmit DMA channel
seeq8005:io:i:0x320:
seeq8005:irq:i:10:
sis900:debug:i::
sis900:max_interrupt_work:i:20:
sis900:multicast_filter_limit:i:128:
skge:FlowCtrl_A:?:"",:
skge:AutoNeg_B:?:"",:
skge:FlowCtrl_B:?:"",:
skge:options:?:0,:
skge:Role_A:?:"",:
skge:Role_B:?:"",:
skge:DupCap_A:?:"",:
skge:DupCap_B:?:"",:
skge:debug:i:0:
skge:PrefPort:?:"",:
skge:RlmtMode:?:"",:
skge:AutoNeg_A:?:"",:
sktr:rate:?:16	,:
sktr:io:?:0,:
sktr:dma:?:0,:
sktr:irq:?:0,:
slip:slip_maxdev:i:256:
smc-mca:io:?:0,:
smc-mca:irq:?:0,:
smc-ultra:io:?:0,:
smc-ultra:irq:?:0,:
smc9194:io:i:0:
smc9194:ifport:i:0:
smc9194:irq:i:0:
syncppp:debug:1i:0:
tlan:speed:i:0:
tlan:debug:i:0:
tlan:sa_int:i:0:
tlan:duplex:i:0:
tlan:aui:i:0:
tulip:csr0:i:0x00A00000 | 0x4800:
tulip:full_duplex:?:0,:
tulip:options:?:0,:
tulip:rx_copybreak:i:100:
tulip:debug:i::
tulip:reverse_probe:i:0:
tulip:max_interrupt_work:i:25:
via-rhine:full_duplex:?:-1, -1, -1, -1, -1, -1, -1, -1:
via-rhine:options:?:-1, -1, -1, -1, -1, -1, -1, -1:
via-rhine:rx_copybreak:i:0:
via-rhine:min_pci_latency:i:64:
via-rhine:debug:i:1:
via-rhine:max_interrupt_work:i:20:
wd:mem:?:0,:
wd:io:?:0,:
wd:irq:?:0,:
wd:mem_end:?:0,:
x25_asy:x25_asy_maxdev:i:256:
yellowfin:full_duplex:?:-1, -1, -1, -1, -1, -1, -1, -1:
yellowfin:options:?:-1, -1, -1, -1, -1, -1, -1, -1:
yellowfin:rx_copybreak:i:0:
yellowfin:mtu:i:0:
yellowfin:min_pci_latency:i:64:
yellowfin:debug:i:-1:
yellowfin:max_interrupt_work:i:20:
dasd:dasd_force_mdsk:?::
dasd:dasd:?::
xpram:devs:i:1:
xpram:sizes:?:0,:
dbri:dbri_debug:i:0:
dbri:dbri_trace:i:0:
aurora:irq1:i:0:
aurora:irq2:i:0:
aurora:irq3:i:0:
aurora:irq:i:0:
BusLogic:BusLogic_Options:s::
aha152x:aha152x:1-8i::
aha152x:aha152x1:1-8i::
aha1542:aha1542:1-4i:0x330, 11, 4, -1:
aic7xxx:aic7xxx:s:0:
atari_scsi:setup_cmd_per_lun:i:-1:
atari_scsi:setup_can_queue:i:-1:
atari_scsi:setup_sg_tablesize:i:-1:
atari_scsi:setup_hostid:i:-1:
atari_scsi:setup_use_tagged_queuing:i:-1:
dc395x_trm:dc395x_trm:1-6i::Host SCSI ID, Speed (0=20MHz), Device Flags, Adapter Flags, Max Tags (log2(tags)-1), DelayReset (s)
eata:linked_comm:i:0:
eata:io_port:?::
eata:rev_scan:i:1:
eata:use_new_eh_code:i:1:
eata:link_statistics:i:0:
eata:ext_tran:i:0:
eata:tag_mode:i:0:
eata:boot_options:s:0:
eata:max_queue_depth:i:2:
eata:tagged_comm:i:0:
fdomain:fdomain:2-3i:0, 0, 0:
g_NCR5380:ncr_53c400a:i:0:
g_NCR5380:ncr_dma:i:0:
g_NCR5380:ncr_5380:i:0:
g_NCR5380:ncr_addr:i:0:
g_NCR5380:ncr_irq:i:0:
g_NCR5380:dtc_3181e:i:0:
g_NCR5380:ncr_53c400:i:0:
gdth:max_ids:i:127:
gdth:reserve_list:?::
gdth:disable:i::
gdth:reverse_scan:i:0:
gdth:reserve_mode:i:1:
gdth:irq:i::
gdth:rescan:i:0:
gdth:hdr_channel:i:0:
ibmmca:scsi_id:?:7, 7, 7, 7, 7, 7, 7, 7:
ibmmca:display:1i::
ibmmca:ansi:1i::
ibmmca:normal:1i::
ibmmca:io_port:?:0, 0, 0, 0, 0, 0, 0, 0:
ibmmca:adisplay:1i::
ibmmca:bypass:1i::
in2000:setup_strings:s:0:
megaraid:megaraid:s::
ncr53c8xx:ncr53c8xx:s:0:
pas16:pas16_irq:i:0:
pas16:pas16_addr:h:0:
scsi:max_scsi_luns:i:1:
seagate:controller_type:b:0:
seagate:base_address:i:0:
seagate:irq:i:5:
sim710:sim710:s::
sr:xa_test:i::
st:write_threshold_kbs:i:0:
st:max_sg_segs:i:0:
st:max_buffers:i:0:
st:buffer_kbs:i:0:
sym53c416:sym53c416:1-2i::
sym53c416:sym53c416_1:1-2i::
sym53c416:sym53c416_2:1-2i::
sym53c416:sym53c416_3:1-2i::
sym53c8xx:sym53c8xx:s:0:
tmscsim:tmscsim:1-6i::Host SCSI ID, Speed (0=10MHz), Device Flags, Adapter Flags, Max Tags (log2(tags)-1), DelayReset (s)
u14-34f:have_old_firmware:i:0:
u14-34f:linked_comm:i:0:
u14-34f:io_port:?::
u14-34f:use_new_eh_code:i:1:
u14-34f:link_statistics:i:0:
u14-34f:ext_tran:i:0:
u14-34f:boot_options:s:0:
u14-34f:max_queue_depth:i:2:
wd33c93:setup_strings:s:0:
eeprom:checksum:i:0:
ad1816:options:i:0:
ad1816:io:i:-1:
ad1816:ad1816_clockfreq:i:33000:
ad1816:dma:i:-1:
ad1816:dma2:i:-1:
ad1816:irq:i:-1:
ad1848:deskpro_m:i:0:
ad1848:io:i:-1:
ad1848:deskpro_xl:i:0:
ad1848:type:i:0:
ad1848:dma:i:-1:
ad1848:soundpro:i:0:
ad1848:dma2:i:-1:
ad1848:irq:i:-1:
adlib_card:io:i:-1:
cmpci:mpu_io:i:0:
cmpci:rear_out:i:0:
cmpci:four_ch:i:0:
cmpci:synth_io:i:0:
cmpci:spdif_loop:i:0:
cs4232:synthio:i:-1:
cs4232:io:i:-1:
cs4232:synthirq:i:-1:
cs4232:dma:i:-1:
cs4232:mpuio:i:-1:
cs4232:mpuirq:i:-1:
cs4232:dma2:i:-1:
cs4232:irq:i:-1:
dmasound:bufSize:i::
dmasound:catchRadius:i:0, numBufs = 4, bufSize = 32:
dmasound:numBufs:i::
es1370:joystick:?:0,:if 1 enables joystick interface (still need separate driver)
es1370:lineout:?:0,:if 1 the LINE input is converted to LINE out
es1370:micbias:?:0,:sets the +5V bias for an electret microphone
es1371:joystick:?:0,:sets address and enables joystick interface (still need separate driver)
es1371:spdif:?:0,:if 1 the output is in S/PDIF digital mode
gus_card:io:i:-1:
gus_card:no_wave_dma:i:0:
gus_card:type:i:0:
gus_card:dma16:i:-1:
gus_card:dma:i:-1:
gus_card:gus16:i:0:
gus_card:db16:i:0:
gus_card:irq:i:-1:
i810_audio:ftsodell:i:0:
i810_audio:clocking:i:48000:
aci:aci_reset:i:1:
aedsp16:mpu_base:i:-1:MPU-401 I/O base address (0x300 0x310 0x320 0x330)
aedsp16:mpu_irq:i:-1:MPU-401 IRQ line (5 7 9 10 0)
aedsp16:io:i:-1:I/O base address (0x220 0x240)
aedsp16:mss_base:i:-1:MSS emulation I/O base address (0x530 0xE80)
aedsp16:dma:i:-1:dma line (0 1 3)
aedsp16:irq:i:-1:IRQ line (5 7 9 10 11)
awe_wave:io:i:0:base i/o port of Emu8000
awe_wave:memsize:i:-1:onboard DRAM size in Kbytes
mad16:opl4:i:0:
mad16:mpu_io:i:0:
mad16:joystick:i:0:
mad16:io:i:-1:
mad16:mpu_irq:i:0:
mad16:debug:i:0:
mad16:dma16:i:-1:
mad16:dma:i:-1:
mad16:cddma:i:-1:
mad16:cdtype:i:0:
mad16:irq:i:-1:
mad16:cdport:i:0x340:
mad16:cdirq:i:0:
maestro:dsps_order:i:0:
maestro:use_pm:i:2:
maestro:debug:i:0:
maui:io:i:-1:
maui:irq:i:-1:
mpu401:io:i:-1:
mpu401:irq:i:-1:
msnd_pinnacle:calibrate_signal:i::
msnd_pinnacle:major:i::
msnd_pinnacle:mpu_io:i::
msnd_pinnacle:cfg:i::
msnd_pinnacle:mpu_irq:i::
msnd_pinnacle:mem:i::
msnd_pinnacle:io:i::
msnd_pinnacle:ide_io0:i::
msnd_pinnacle:ide_io1:i::
msnd_pinnacle:write_ndelay:i::
msnd_pinnacle:ide_irq:i::
msnd_pinnacle:reset:i::
msnd_pinnacle:fifosize:i::
msnd_pinnacle:digital:i::
msnd_pinnacle:irq:i::
msnd_pinnacle:joystick_io:i::
nm256_audio:force_load:i:0:
nm256_audio:buffertop:i:0:
nm256_audio:usecache:i:0:
nm256_audio:nm256_debug:i:0:
opl3:io:i:-1:
opl3sa:mpu_io:i:-1:
opl3sa:mpu_irq:i:-1:
opl3sa:io:i:-1:
opl3sa:dma:i:-1:
opl3sa:dma2:i:-1:
opl3sa:irq:i:-1:
opl3sa2:mpu_io:i:-1:Set MIDI I/O base (0x330 or other. Address must be on 4 location boundaries and must be from 0x300 to 0x334)
opl3sa2:io:i:-1:Set i/o base of OPL3-SA2 or SA3 card (usually 0x370)
opl3sa2:mss_io:i:-1:Set MSS (audio) I/O base (0x530, 0xE80, or other. Address must end in 0 or 4 and must be from 0x530 to 0xF48)
opl3sa2:mss_irq:::Set MSS (audio) IRQ (5, 7, 9, 10, 11, 12)
opl3sa2:dma:i:-1:Set MSS (audio) first DMA channel (0, 1, 3)
opl3sa2:dma2:i:-1:Set MSS (audio) second DMA channel (0, 1, 3)
opl3sa2:irq:i:-1:
pas2_card:symphony:i:0:
pas2_card:broken_bus_clock:i:0:
pas2_card:joystick:i:1:
pas2_card:io:i:-1:
pas2_card:dma16:i:-1:
pas2_card:dma:i:-1:
pas2_card:sb_dma:i:-1:
pas2_card:sb_io:i:0:
pas2_card:sb_dma16:i:-1:
pas2_card:irq:i:-1:
pas2_card:sb_irq:i:-1:
pss:pss_enable_joystick:i:0:Enables the PSS joystick port (1 to enable, 0 to disable)
pss:mpu_io:i:-1:Set MIDI i/o base (0x330 or other. Address must be on 4 location boundaries and must be from 0x100 to 0xFFC)
pss:mss_dma:i:-1:Set WSS (audio) DMA (0, 1, 3)
pss:pss_keep_settings:i:1:Keep hardware setting at driver unloading (0 - no, 1 - yes)
pss:mpu_irq:i:-1:Set MIDI IRQ (3, 5, 7, 9, 10, 11, 12)
pss:pss_cdrom_port:i:-1:Set the PSS CDROM port i/o base (0x340 or other)
pss:mss_io:i:-1:Set WSS (audio) i/o base (0x530, 0x604, 0xE80, 0xF40, or other. Address must end in 0 or 4 and must be from 0x100 to 0xFF4)
pss:pss_mixer:b:0:Enable (1) or disable (0) PSS mixer (controlling of output volume, bass, treble, synth volume). The mixer is not available on all PSS cards.
pss:mss_irq:i:-1:Set WSS (audio) IRQ (3, 5, 7, 9, 10, 11, 12)
pss:pss_firmware:s:"/etc/sound/pss_synth":Location of the firmware file (default - /etc/sound/pss_synth)
pss:pss_no_sound:i:0:Configure sound compoents (0 - no, 1 - yes)
pss:pss_io:i:-1:Set i/o base of PSS card (probably 0x220 or 0x240)
sb_card:mpu_io:i:0:
sb_card:pas2:i:0:
sb_card:io:i:-1:
sb_card:esstype:i::
sb_card:type:i:0:
sb_card:dma16:i:-1:
sb_card:support:i:0:
sb_card:dma:i:-1:
sb_card:sm_games:i:0:
sb_card:mad16:i:0:
sb_card:irq:i:-1:
sb_card:trix:i:0:
sgalaxy:io:i:-1:
sgalaxy:dma:i:-1:
sgalaxy:dma2:i:-1:
sgalaxy:irq:i:-1:
sgalaxy:sgbase:i:-1:
sonicvibes:reverb:?:0,:if 1 enables the reverb circuitry. NOTE: your card must have the reverb RAM
sonicvibes:wavetable:?:0,:if 1 the wavetable synth is enabled
sonicvibes:dmaio:i:0xac00:if the motherboard BIOS did not allocate DDMA io, allocate them starting at this address
soundcard:dmabuf:i:0:
soundcard:traceinit:i:0:
sscape:mpu_io:i:-1:
sscape:mpu_irq:i:-1:
sscape:io:i:-1:
sscape:mss:i:0:
sscape:dma:i:-1:
sscape:spea:i:-1:
sscape:irq:i:-1:
trix:mpu_io:i:-1:
trix:joystick:i:0:
trix:mpu_irq:i:-1:
trix:io:i:-1:
trix:dma:i:-1:
trix:sb_dma:i:-1:
trix:sb_io:i:-1:
trix:dma2:i:-1:
trix:irq:i:-1:
trix:sb_irq:i:-1:
uart401:io:i:-1:
uart401:irq:i:-1:
uart6850:io:i:-1:
uart6850:irq:i:-1:
waveartist:io:i:CONFIG_WAVEARTIST_BASE:
waveartist:dma:i:CONFIG_WAVEARTIST_DMA:
waveartist:dma2:i:CONFIG_WAVEARTIST_DMA2:
waveartist:irq:i:CONFIG_WAVEARTIST_IRQ:
wavfront:ospath:s:"/etc/sound/wavefront.os":
wavfront:debug_default:i:0:
wavfront:io:i:-1:
wavfront:wf_raw:i:0:
wavfront:sleep_tries:i:50:
wavfront:sleep_interval:i:100:
wavfront:ramcheck_time:i:20:
wavfront:irq:i:-1:
wavfront:reset_time:i:2:
wavfront:wait_usecs:i:150:
wavfront:fx_raw:i:1:
wavfront:osrun_time:i:10:
ymf_sb:spdif_out:i:0:
ymf_sb:mpu_io:i:0x330:
ymf_sb:io:i:0x220:
ymf_sb:master_vol:i:80:
ymf_sb:dma:i:1:
ymf_sb:synth_io:i:0x388:
ixj:dspio:?::
ixj:ixjdebug:i:0:
ixj:pc_debug:i:PCMCIA_DEBUG:
ixj:xio:?::
dabusb:buffers:i:0:
ibmcam:init_hue:i:128:
ibmcam:flags:i:0:
ibmcam:init_color:i:128:
ibmcam:init_contrast:i:192:
ibmcam:framerate:i:2:
ibmcam:sharpness:i:4:
ibmcam:init_model2_sat:i:-1:
ibmcam:debug:i:0:
ibmcam:init_model2_rg:i:-1:
ibmcam:videosize:i:VIDEOSIZE_352x288:
ibmcam:init_model2_rg2:i:-1:
ibmcam:hue_correction:i:128:
ibmcam:lighting:i:1:
ibmcam:init_model2_yb:i:-1:
ibmcam:init_brightness:i:128:
ov511:sensor:i:0:
ov511:snapshot:i:0:
ov511:aperture:i:-1:
ov511:i2c_detect_tries:i:5:
ov511:autoadjust:i:1:
ov511:fix_rgb_offset:i:0:
ov511:debug:i:3:
ov511:force_rgb:i:0:
pegasus:loopback:i:0:
usbserial:vendor:i:0x05f9:User specified USB idVendor
usbserial:product:i:0xffff:User specified USB idProduct
uhci:debug:i:1:
atyfb:noaccel:i::Do not use accelerating engine (0 or 1=disabled) (default=0)
atyfb:vmode:i:0:Specify the vmode mode number that should be used (640x480 default)
atyfb:blink:i:1:Enables hardware cursor blinking (0 or 1) (default=1)
atyfb:cmode:i:-1:Specify the video depth that should be used (8bit default)
matroxfb:hslen:i:0:Horizontal sync length (px), overrides hslen from vesa (default=vesa)
matroxfb:xres:i:0:Horizontal resolutioni (px), overrides xres from vesa (default=vesa)
matroxfb:noaccel:i:0:Do not use accelerating engine (0 or 1=disabled) (default=0)
matroxfb:sync:i:-1:Sync polarity, overrides sync from vesa (default=vesa)
matroxfb:novga:i:0:VGA I/O (0x3C0-0x3DF) disabled (0 or 1=disabled) (default=0)
matroxfb:yres:i:0:Vertical resolution (scans), overrides yres from vesa (default=vesa)
matroxfb:pixclock:i:0:Pixelclock (ns), overrides pixclock from vesa (default=vesa)
matroxfb:upper:i:~0:Upper blank space (scans), overrides upper from vesa (default=vesa)
matroxfb:right:i:~0:Right blank space (px), overrides right from vesa (default=vesa)
matroxfb:vslen:i:0:Vertical sync length (scans), overrides lower from vesa (default=vesa)
matroxfb:noinit:i:1:Disables W/SG/SD-RAM and bus interface initialization (0 or 1=do not initialize) (default=0)
matroxfb:nobios:i:0:Disables ROM BIOS (0 or 1=disabled) (default=do not change BIOS state)
matroxfb:mem:i:0:Size of available memory in MB, KB or B (2,4,8,12,16MB, default=autodetect)
matroxfb:hwcursor:i:1:Enables hardware cursor (0 or 1) (default=0)
matroxfb:fv:i:0:
matroxfb:disabled:i:0:Disabled (0 or 1=disabled), meaningless for module (default=0)
matroxfb:cross4MB:i:-1:Specifies that 4MB boundary can be in middle of line. (default=autodetected)
matroxfb:lower:i:~0:Lower blank space (scans), overrides lower from vesa (default=vesa)
matroxfb:vmode:i:simple_strtoul(this_opt+6, 0, 0):Specify the vmode mode number that should be used (640x480 default)
matroxfb:blink:i:1:Enables hardware cursor blinking (0 or 1) (default=1)
matroxfb:left:i:~0:Left blank space (px), overrides left from vesa (default=vesa)
matroxfb:inv24:i:0:Inverts clock polarity for 24bpp and loop frequency > 100MHz (default=do not invert polarity)
matroxfb:cmode:i:simple_strtoul(this_opt+6, 0, 0):Specify the video depth that should be used (8bit default)
matroxfb:inverse:i:0:Inverse (0 or 1) (default=0)
matroxfb:sgram:i:0:Indicates that G200/G400 has SGRAM memory (0=SDRAM, 1=SGRAM) (default=0)
matroxfb:nopan:i:0:Disable pan on startup (0 or 1=disabled) (default=0)
matroxfb:maxclk:i:0:Startup maximal clock, 0-999MHz, 1000-999999kHz, 1000000-INF Hz
matroxfb:no_pci_retry:i:0:PCI retries enabled (0 or 1=disabled) (default=0)
matroxfb:grayscale:i:0:Sets display into grayscale. Works perfectly with paletized videomode (4, 8bpp), some limitations apply to 16, 24 and 32bpp videomodes (default=nograyscale)
matroxfb:mtrr:i:1:This speeds up video memory accesses (0=disabled or 1) (default=1)
matroxfb:dev:i:-1:Multihead support, attach to device ID (0..N) (default=first working)
matroxfb:depth:i:-1:Color depth (0=text,8,15,16,24,32) (default=vesa)
matroxfb:fh:i:0:Startup horizontal frequency, 0-999kHz, 1000-INF Hz
matroxfb:vesa:i:~0:Startup videomode (0x000-0x1FF) (default=0x101)
matroxfb:fastfont:i:0:Specifies, how much memory should be used for font data (0, 1024-65536 are reasonable) (default=0)
mdacon:mda_first_vc:1-255i:13:
mdacon:mda_last_vc:1-255i:16:
pm2fb:mode:s:0:
vfb:videomemorysize:l::
svc:nlm_timeout:3-20l:10:
svc:nlm_grace_period:10-240l:0:
fs:ntdebug:i::Debug level
emulate:sco_serial:1-10s::SCO Serial Number
emulate:ibcs_trace:i:0:iBCS debug trace
ip_masq_autofw:debug:i:0:
ip_masq_cuseeme:ports:?:7648:
ip_masq_cuseeme:debug:i:0:
ip_masq_ftp:ports:?:21:
ip_masq_ftp:debug:i:0:
ip_masq_ftp:noport:?:6000, 0:
ip_masq_irc:ports:?:6667:
ip_masq_irc:debug:i:0:
ip_masq_mfw:debug:i:0:
ip_masq_portfw:debug:i:0:
ip_masq_raudio:ports:?:554, 7070, 0:
ip_masq_raudio:debug:i:0:
ip_masq_user:ports:?::
ip_masq_user:debug:i:0:
ip_masq_vdolive:ports:?:7000:
ip_masq_vdolive:debug:i:0:
af_inet6:unloadable:i:0:
irlan_common:eth:i:0:
irlan_common:timeout:i::
irlan_common:access:i:2:
irmod:irda_debug:1l:0:
af_netrom:nr_ndevs:i:4:number of NET/ROM devices
af_rose:rose_ndevs:i:10:number of ROSE devices
3c574_cs:full_duplex:i:0:
3c574_cs:pc_debug:i:PCMCIA_DEBUG:
3c574_cs:irq_list:1-4i:-1:
3c574_cs:irq_mask:i:0xdeb8:
3c574_cs:max_interrupt_work:i:32:
3c575_cb:use_hw_csums:i:1:
3c575_cb:rx_copybreak:i::
3c575_cb:full_duplex:?:-1, -1, -1, -1, -1, -1, -1, -1:
3c575_cb:options:?:-1, -1, -1, -1, -1, -1, -1, -1,:
3c575_cb:debug:i:1:
3c575_cb:max_interrupt_work:i:32:
3c589_cs:irq_list:1-4i:-1:
3c589_cs:pc_debug:i:PCMCIA_DEBUG:
3c589_cs:irq_mask:i:0xdeb8:
3c589_cs:if_port:i:0:
aha152x_stub:irq_list:1-4i:-1:
aha152x_stub:pc_debug:i:PCMCIA_DEBUG:
aha152x_stub:irq_mask:i:0xdeb8:
aha152x_stub:host_id:i:7:
aha152x_stub:ext_trans:i:0:
aha152x_stub:synchronous:i:0:
aha152x_stub:reset_delay:i:100:
aha152x_stub:parity:i:1:
aha152x_stub:reconnect:i:1:
apa1480_stub:pc_debug:i:PCMCIA_DEBUG:
apa1480_stub:ultra:i:0:
apa1480_stub:reset:i:1:
dummy_cs:free_ports:i:0:
dummy_cs:irq_list:1-4i:-1:
dummy_cs:pc_debug:i:PCMCIA_DEBUG:
dummy_cs:irq_mask:i:0xdeb8:
eepro100_cb:rx_copybreak:i:200:
eepro100_cb:full_duplex:?:-1, -1, -1, -1, -1, -1, -1, -1:
eepro100_cb:options:?:-1, -1, -1, -1, -1, -1, -1, -1:
eepro100_cb:rxfifo:i:8:
eepro100_cb:rxdmacount:i:0:
eepro100_cb:debug:i:1:
eepro100_cb:txfifo:i:8:
eepro100_cb:congenb:i:0:
eepro100_cb:multicast_filter_limit:i:3:
eepro100_cb:max_interrupt_work:i:20:
eepro100_cb:txdmacount:i:128:
epic_cb:rx_copybreak:i:200:
epic_cb:full_duplex:?:-1, -1, -1, -1, -1, -1, -1, -1:
epic_cb:options:?:-1, -1, -1, -1, -1, -1, -1, -1:
epic_cb:debug:i:1:
epic_cb:max_interrupt_work:i:32:
fdomain_stub:irq_list:1-4i:-1:
fdomain_stub:pc_debug:i:PCMCIA_DEBUG:
fdomain_stub:irq_mask:i:0xdeb8:
fmvj18x_cs:irq_list:1-4i:-1:
fmvj18x_cs:pc_debug:i:PCMCIA_DEBUG:
fmvj18x_cs:irq_mask:i:0xdeb8:
fmvj18x_cs:sram_config:i:0:
ftl_cs:pc_debug:i:PCMCIA_DEBUG:
ftl_cs:shuffle_freq:i:50:
ftl_cs:major_dev:i:0:
ibmtr_cs:irq_list:1-4i:-1:
ibmtr_cs:pc_debug:i:PCMCIA_DEBUG:
ibmtr_cs:irq_mask:i:0xdeb8:
ibmtr_cs:srambase:i:0:
ibmtr_cs:ringspeed:i:16:
ibmtr_cs:mmiobase:i:0:
ibmtr_cs:sramsize:i:16:
ide_cs:irq_list:1-4i:-1:
ide_cs:pc_debug:i:PCMCIA_DEBUG:
ide_cs:irq_mask:i:0xdeb8:
iflash2+_mtd:pc_debug:i:PCMCIA_DEBUG:
iflash2_mtd:max_tries:i:4096:
iflash2_mtd:word_width:i:1:
iflash2_mtd:pc_debug:i:PCMCIA_DEBUG:
iflash2_mtd:mem_speed:i:0:
iflash2_mtd:vpp_timeout_period:i:1000:
iflash2_mtd:erase_timeout:i:100:
iflash2_mtd:retry_limit:i:4:
iflash2_mtd:erase_limit:i:10000:
iflash2_mtd:vpp_settle:i:100:
memory_cb:pc_debug:i:PCMCIA_DEBUG:
memory_cs:force_size:i:0:
memory_cs:word_width:i:1:
memory_cs:pc_debug:i:PCMCIA_DEBUG:
memory_cs:mem_speed:i:0:
nmclan_cs:irq_list:1-4i:-1:
nmclan_cs:pc_debug:i:PCMCIA_DEBUG:
nmclan_cs:irq_mask:i:0xdeb8:
nmclan_cs:if_port:i:0:
parport_cs:irq_list:1-4i:-1:
parport_cs:pc_debug:i:PCMCIA_DEBUG:
parport_cs:irq_mask:i:0xdeb8:
parport_cs:epp_mode:i:1:
pcnet_cs:use_big_buf:i:1:
pcnet_cs:irq_list:1-4i:-1:
pcnet_cs:pc_debug:i:PCMCIA_DEBUG:
pcnet_cs:irq_mask:i:0xdeb8:
pcnet_cs:mem_speed:i:0:
pcnet_cs:use_shmem:i:-1:
pcnet_cs:delay_output:i:0:
pcnet_cs:delay_time:i:4:
pcnet_cs:if_port:i:1:
pcnet_cs:hw_addr:6i:{ 0,:
qlogic_stub:irq_list:1-4i:-1:
qlogic_stub:pc_debug:i:PCMCIA_DEBUG:
qlogic_stub:irq_mask:i:0xdeb8:
serial_cb:pc_debug:i:PCMCIA_DEBUG:
serial_cs:irq_list:1-4i:-1:
serial_cs:pc_debug:i:PCMCIA_DEBUG:
serial_cs:irq_mask:i:0xdeb8:
serial_cs:do_sound:i:1:
smc91c92_cs:irq_list:1-4i:-1:
smc91c92_cs:pc_debug:i:PCMCIA_DEBUG:
smc91c92_cs:irq_mask:i:0xdeb8:
smc91c92_cs:if_port:i:0:
sram_mtd:word_width:i:1:
sram_mtd:pc_debug:i:PCMCIA_DEBUG:
sram_mtd:mem_speed:i:0:
tulip_cb:csr0:i:0x00A00000 | 0x4800:
tulip_cb:full_duplex:?:0,:
tulip_cb:options:?:0,:
tulip_cb:rx_copybreak:i:100:
tulip_cb:debug:i::
tulip_cb:reverse_probe:i:0:
tulip_cb:max_interrupt_work:i:25:
xirc2ps_cs:irq_list:1-4i:-1:
xirc2ps_cs:pc_debug:i:PCMCIA_DEBUG:
xirc2ps_cs:irq_mask:i:0xdeb8:
xirc2ps_cs:card_type:i:0:
xirc2ps_cs:lockup_hack:i:0:
xirc2ps_cs:do_sound:i:1:
xirc2ps_cs:if_port:i:0:
cb_enabler:pc_debug:i:PCMCIA_DEBUG:
cs:pc_debug:i:PCMCIA_(n, args...) do { } while (0):
ds:pc_debug:i:PCMCIA_DEBUG:
i82365:pci_irq_list:1-8i:0:
i82365:irq_list:1-16i:-1:
i82365:pc_debug:i:PCMCIA_DEBUG:
pci_fixup:cb_mem_base:i:0x0, 0x68000000, 0xf8000000:
rsrc_mgr:probe_mem:i:1:
rsrc_mgr:probe_io:i:1:
rsrc_mgr:mem_limit:i:0x10000:
tcic:irq_list:1-16i:-1:
tcic:pc_debug:i:PCMCIA_DEBUG:
tcic:irq_mask:i:0xffff:
tcic:tcic_base:i:0x240:
tcic:poll_quick:i:HZ/20:
tcic:do_scan:i:1:
tcic:cycle_time:i:70:
tcic:cs_irq:i:0:
tcic:poll_interval:i:0:
tcic:ignore:i:-1:
airo:rates:1-8i:0,0,0,0,0,0,0,0:
airo:io:1-4i:0,:
airo:aux_bap:i:0:
airo:ssids:1-3s:0,0,0:
airo:auto_wep:i:0:
airo:basic_rate:i:0:
airo:irq:1-4i:0,:
airo_cs:irq_list:1-4i:-1:
airo_cs:pc_debug:i:PCMCIA_DEBUG:
airo_cs:irq_mask:i:0xdeb8:
netwave_cs:scramble_key:i:0x0:
netwave_cs:irq_list:1-4i:-1:
netwave_cs:pc_debug:i:PCMCIA_DEBUG:
netwave_cs:irq_mask:i:0xdeb8:
netwave_cs:mem_speed:i:0:
netwave_cs:domain:i:0x100:
ray_cs:country:i:1:
ray_cs:net_type:i:0:
ray_cs:sniffer:i:0:
ray_cs:essid:s:0:
ray_cs:pc_debug:i:RAYLINK_DEBUG:
ray_cs:irq_mask:i:0xdeb8:
ray_cs:hop_dwell:i:128:
ray_cs:phy_addr:s:0:
ray_cs:bc:i:0:
ray_cs:psm:i:0:
ray_cs:ray_mem_speed:i:500:
ray_cs:beacon_period:i:256:
ray_cs:translate:i:1:
wvlan_cs:station_name:?:"\0":
wvlan_cs:irq_list:1-4i:-1:
wvlan_cs:pc_debug:i:PCMCIA_DEBUG:
wvlan_cs:eth:i:0:
wvlan_cs:irq_mask:i:0xdeb8:
wvlan_cs:network_name:?:"\0":
wvlan_cs:mtu:i:1500:
wvlan_cs:medium_reservation:i:2347:
wvlan_cs:frag_threshold:i:2346:
wvlan_cs:channel:i:wrq->u.freq.m:
wvlan_cs:port_type:i:1:
wvlan_cs:transmit_rate:i:3:
wvlan_cs:ap_density:i:1:
